// Jest Snapshot v1, https://goo.gl/fbAQLP

exports[`p6-file renders 1`] = `
<p6-file>
  <mock:shadow-root>
    <form class="file" novalidate="">
      <label class="file-label">
        <input class="file-input" type="file">
        <span class="file-cta">
          <span class="file-icon">
            <svg aria-hidden="true" class="fa-upload fa-w-16 svg-inline--fa" data-icon="upload" data-prefix="fas" focusable="false" role="img" viewBox="0 0 512 512" xmlns="http://www.w3.org/2000/svg">
              <path d="M296 384h-80c-13.3 0-24-10.7-24-24V192h-87.7c-17.8 0-26.7-21.5-14.1-34.1L242.3 5.7c7.5-7.5 19.8-7.5 27.3 0l152.2 152.2c12.6 12.6 3.7 34.1-14.1 34.1H320v168c0 13.3-10.7 24-24 24zm216-8v112c0 13.3-10.7 24-24 24H24c-13.3 0-24-10.7-24-24V376c0-13.3 10.7-24 24-24h136v8c0 30.9 25.1 56 56 56h80c30.9 0 56-25.1 56-56v-8h136c13.3 0 24 10.7 24 24zm-124 88c0-11-9-20-20-20s-20 9-20 20 9 20 20 20 20-9 20-20zm64 0c0-11-9-20-20-20s-20 9-20 20 9 20 20 20 20-9 20-20z" fill="currentColor"></path>
            </svg>
          </span>
          <span class="file-label"></span>
        </span>
      </label>
    </form>
  </mock:shadow-root>
</p6-file>
`;
