// Jest Snapshot v1, https://goo.gl/fbAQLP

exports[`p6-language renders 1`] = `
<p6-language>
  <mock:shadow-root>
    <div class="is-default is-fullwidth is-small select">
      <select>
        <option selected="" value=""></option>
        <option value="en">
          English
        </option>
        <option value="fr">
          Fran√ßais
        </option>
      </select>
    </div>
  </mock:shadow-root>
</p6-language>
`;
