// Jest Snapshot v1, https://goo.gl/fbAQLP

exports[`p6-select-native renders 1`] = `
<p6-select-native>
  <mock:shadow-root>
    <div class="select">
      <select></select>
    </div>
  </mock:shadow-root>
</p6-select-native>
`;
