// Jest Snapshot v1, https://goo.gl/fbAQLP

exports[`p6-container renders 1`] = `
<p6-container>
  <mock:shadow-root>
    <slot></slot>
  </mock:shadow-root>
</p6-container>
`;
