// Jest Snapshot v1, https://goo.gl/fbAQLP

exports[`p6-tabs Should display the third tab 1`] = `
<p6-tabs selected="third">
  <mock:shadow-root>
    <div class="tabs">
      <ul>
        <li class="has-tooltip-arrow has-tooltip-bottom" data-tooltip="What is Lorem Ipsum?">
          <a class="is-active" href="#first">
            <span class="title">
              What is Lorem Ipsum?
            </span>
            <span aria-hidden="true" class="delete disabled-close"></span>
          </a>
        </li>
        <li class="has-tooltip-arrow has-tooltip-bottom" data-tooltip="Where does it come from?">
          <a href="#second">
            <span class="title">
              Where does it come from?
            </span>
            <span aria-hidden="true" class="delete disabled-close"></span>
          </a>
        </li>
        <li class="has-tooltip-arrow has-tooltip-bottom" data-tooltip="Why do we use it?">
          <a href="#third">
            <span class="title">
              Why do we use it?
            </span>
            <span aria-hidden="true" class="delete disabled-close"></span>
          </a>
        </li>
        <li class="has-tooltip-arrow has-tooltip-bottom" data-tooltip="Where can I get some?">
          <a href="#fourth">
            <span class="title">
              Where can I get some?
            </span>
            <span aria-hidden="true" class="delete disabled-close"></span>
          </a>
        </li>
      </ul>
    </div>
    <div class="tab-content">
      <slot></slot>
    </div>
  </mock:shadow-root>
  <p6-tab id="first" title="What is Lorem Ipsum?">
    1
  </p6-tab>
  <p6-tab id="second" title="Where does it come from?">
    2
  </p6-tab>
  <p6-tab id="third" title="Why do we use it?">
    3
  </p6-tab>
  <p6-tab id="fourth" title="Where can I get some?">
    4
  </p6-tab>
</p6-tabs>
`;
