// Jest Snapshot v1, https://goo.gl/fbAQLP

exports[`p6-grid-body render 1`] = `
<p6-grid-body>
  <mock:shadow-root>
    <slot></slot>
  </mock:shadow-root>
</p6-grid-body>
`;
