// Jest Snapshot v1, https://goo.gl/fbAQLP

exports[`p6-grid-cell should render an empty cell 1`] = `
<p6-grid-cell style="justify-content: start; width: 75px;">
  <mock:shadow-root>
    <slot></slot>
  </mock:shadow-root>
</p6-grid-cell>
`;
