// Jest Snapshot v1, https://goo.gl/fbAQLP

exports[`p6-tabs Should display the third tab 1`] = `
<p6-tabs selected="third">
  <mock:shadow-root>
    <div class="tabs">
      <ul>
        <li class="has-tooltip-arrow has-tooltip-bottom" data-tooltip="What is Lorem Ipsum?">
          <a href="#first" id="first-tab">
            <span class="title">
              What is Lorem Ipsum?
            </span>
            <span aria-hidden="true" class="delete"></span>
          </a>
        </li>
        <li class="has-tooltip-arrow has-tooltip-bottom" data-tooltip="Where does it come from?">
          <a href="#second" id="second-tab">
            <span class="title">
              Where does it come from?
            </span>
            <span aria-hidden="true" class="delete"></span>
          </a>
        </li>
        <li class="has-tooltip-arrow has-tooltip-bottom" data-tooltip="Why do we use it?">
          <a class="is-active" href="#third" id="third-tab">
            <span class="title">
              Why do we use it?
            </span>
            <span aria-hidden="true" class="delete"></span>
          </a>
        </li>
        <li class="has-tooltip-arrow has-tooltip-bottom" data-tooltip="Where can I get some?">
          <a href="#fourth" id="fourth-tab">
            <span class="title">
              Where can I get some?
            </span>
            <span aria-hidden="true" class="delete"></span>
          </a>
        </li>
      </ul>
    </div>
    <div class="tab-content">
      3
    </div>
  </mock:shadow-root>
  <div id="first" title="What is Lorem Ipsum?">
    1
  </div>
  <div id="second" title="Where does it come from?">
    2
  </div>
  <div id="third" title="Why do we use it?">
    3
  </div>
  <div id="fourth" title="Where can I get some?">
    4
  </div>
</p6-tabs>
`;
