// Jest Snapshot v1, https://goo.gl/fbAQLP

exports[`p6-translation renders 1`] = `
<p6-translation>
  <mock:shadow-root>
    <p6-field>
      <p6-label slot="label">
        <slot></slot>
        <p6-action class="has-tooltip-arrow has-tooltip-right" mode="4" size="0">
          <p6-icon name="plus-circle" size="0"></p6-icon>
        </p6-action>
      </p6-label>
      <p6-translation-line language="en" translation=""></p6-translation-line>
    </p6-field>
  </mock:shadow-root>
</p6-translation>
`;
