// Jest Snapshot v1, https://goo.gl/fbAQLP

exports[`p6-modal renders a card modal 1`] = `null`;

exports[`p6-modal renders a content modal 1`] = `null`;
