// Jest Snapshot v1, https://goo.gl/fbAQLP

exports[`p6-label renders 1`] = `
<p6-label>
  <mock:shadow-root>
    <slot></slot>
  </mock:shadow-root>
</p6-label>
`;
