// Jest Snapshot v1, https://goo.gl/fbAQLP

exports[`p6-grid-header renders 1`] = `
<p6-grid-header>
  <!---->
</p6-grid-header>
`;