// Jest Snapshot v1, https://goo.gl/fbAQLP

exports[`p6-field renders 1`] = `
<p6-field>
  <mock:shadow-root>
    <label class="label">
      <slot name="label"></slot>
      <slot></slot>
    </label>
    <slot name="hint"></slot>
  </mock:shadow-root>
</p6-field>
`;
