// Jest Snapshot v1, https://goo.gl/fbAQLP

exports[`p6-icon can transform an icon 1`] = `
<p6-icon name="chart-bar" transform="flip-v rotate-90">
  <mock:shadow-root>
    <span class="icon">
      <svg aria-hidden="true" class="fa-chart-bar fa-w-16 svg-inline--fa" data-icon="chart-bar" data-prefix="fas" focusable="false" role="img" viewBox="0 0 512 512" xmlns="http://www.w3.org/2000/svg" style="transform-origin: 0.5em 0.5em;">
        <g transform="translate(256 256)">
          <g transform="translate(0, 0)  scale(1, -1)  rotate(90 0 0)">
            <path d="M332.8 320h38.4c6.4 0 12.8-6.4 12.8-12.8V172.8c0-6.4-6.4-12.8-12.8-12.8h-38.4c-6.4 0-12.8 6.4-12.8 12.8v134.4c0 6.4 6.4 12.8 12.8 12.8zm96 0h38.4c6.4 0 12.8-6.4 12.8-12.8V76.8c0-6.4-6.4-12.8-12.8-12.8h-38.4c-6.4 0-12.8 6.4-12.8 12.8v230.4c0 6.4 6.4 12.8 12.8 12.8zm-288 0h38.4c6.4 0 12.8-6.4 12.8-12.8v-70.4c0-6.4-6.4-12.8-12.8-12.8h-38.4c-6.4 0-12.8 6.4-12.8 12.8v70.4c0 6.4 6.4 12.8 12.8 12.8zm96 0h38.4c6.4 0 12.8-6.4 12.8-12.8V108.8c0-6.4-6.4-12.8-12.8-12.8h-38.4c-6.4 0-12.8 6.4-12.8 12.8v198.4c0 6.4 6.4 12.8 12.8 12.8zM496 384H64V80c0-8.84-7.16-16-16-16H16C7.16 64 0 71.16 0 80v336c0 17.67 14.33 32 32 32h464c8.84 0 16-7.16 16-16v-32c0-8.84-7.16-16-16-16z" fill="currentColor" transform="translate(-256 -256)"></path>
          </g>
        </g>
      </svg>
    </span>
  </mock:shadow-root>
</p6-icon>
`;
